../Core/Src/stm_rcc.c:62:6:enable_PLL	16	static
../Core/Src/stm_rcc.c:68:6:disable_PLL	16	static
../Core/Src/stm_rcc.c:74:6:is_PLL_enabled	16	static
../Core/Src/stm_rcc.c:80:6:check_PLL_locked	16	static
../Core/Src/stm_rcc.c:86:6:update_clock_security_system	16	static
../Core/Src/stm_rcc.c:96:6:clock_security_system_enabled	4	static
../Core/Src/stm_rcc.c:101:6:bypass_hse_oscillator	16	static
../Core/Src/stm_rcc.c:114:6:hse_ready	4	static
../Core/Src/stm_rcc.c:119:6:update_hse_status	16	static
../Core/Src/stm_rcc.c:129:10:get_high_speed_clock_calibration	4	static
../Core/Src/stm_rcc.c:134:10:get_high_speed_clock_trim	4	static
../Core/Src/stm_rcc.c:139:6:set_high_speed_clock_trim	16	static
../Core/Src/stm_rcc.c:145:6:update_internal_high_speed_clock	16	static
../Core/Src/stm_rcc.c:155:6:check_internal_high_speed_clock_ready	4	static
../Core/Src/stm_rcc.c:160:10:read_clock_control_reg	16	static
../Core/Src/stm_rcc.c:166:13:configure_PLLR	16	static
../Core/Src/stm_rcc.c:176:13:configure_PLLQ	16	static
../Core/Src/stm_rcc.c:186:13:configure_PLLSRC	16	static
../Core/Src/stm_rcc.c:197:13:configure_PLLP	16	static
../Core/Src/stm_rcc.c:206:13:configure_PLLN	16	static
../Core/Src/stm_rcc.c:216:13:configure_PLLM	16	static
../Core/Src/stm_rcc.c:226:6:configure_main_pll	24	static
../Core/Src/stm_rcc.c:238:6:read_main_pll_configs	16	static
../Core/Src/stm_rcc.c:249:6:update_MCO2	16	static
../Core/Src/stm_rcc.c:256:6:update_MCO2PRE	16	static
../Core/Src/stm_rcc.c:263:6:update_MCO1	16	static
../Core/Src/stm_rcc.c:270:6:update_MCO1PRE	16	static
../Core/Src/stm_rcc.c:277:6:update_RTCPRE	16	static
../Core/Src/stm_rcc.c:284:6:update_PPRE2	16	static
../Core/Src/stm_rcc.c:291:6:update_PPRE1	16	static
../Core/Src/stm_rcc.c:298:6:update_HPRE	16	static
../Core/Src/stm_rcc.c:305:6:update_SW	16	static
../Core/Src/stm_rcc.c:312:10:read_clk_configs	16	static
../Core/Src/stm_rcc.c:318:6:clear_clock_interrupt	16	static
../Core/Src/stm_rcc.c:323:6:enable_clock_interrupt	24	static
../Core/Src/stm_rcc.c:329:10:check_clock_interrupt	16	static
../Core/Src/stm_rcc.c:335:6:reset_gpio_clock	24	static
../Core/Src/stm_rcc.c:346:6:reset_usb_otg_hs	24	static
../Core/Src/stm_rcc.c:358:6:reset_dma1	24	static
../Core/Src/stm_rcc.c:370:6:reset_dma2	24	static
../Core/Src/stm_rcc.c:382:6:reset_crc	24	static
../Core/Src/stm_rcc.c:394:6:reset_usb_otg_fs	24	static
../Core/Src/stm_rcc.c:406:6:reset_camera_interface	24	static
../Core/Src/stm_rcc.c:418:6:reset_quad_spi	24	static
../Core/Src/stm_rcc.c:430:6:reset_flexible_memory_controller	24	static
../Core/Src/stm_rcc.c:442:6:reset_dac	24	static
../Core/Src/stm_rcc.c:454:6:reset_pwr	24	static
../Core/Src/stm_rcc.c:466:6:reset_cec	24	static
../Core/Src/stm_rcc.c:478:6:reset_can2	24	static
../Core/Src/stm_rcc.c:490:6:reset_can1	24	static
../Core/Src/stm_rcc.c:502:6:reset_fmpi2c	24	static
../Core/Src/stm_rcc.c:514:6:reset_i2c3	24	static
../Core/Src/stm_rcc.c:526:6:reset_i2c2	24	static
../Core/Src/stm_rcc.c:538:6:reset_i2c1	24	static
../Core/Src/stm_rcc.c:550:6:reset_uart5	24	static
../Core/Src/stm_rcc.c:562:6:reset_uart4	24	static
../Core/Src/stm_rcc.c:574:6:reset_usart3	24	static
../Core/Src/stm_rcc.c:586:6:reset_usart2	24	static
../Core/Src/stm_rcc.c:598:6:reset_spdif_rx	24	static
../Core/Src/stm_rcc.c:610:6:reset_spi3	24	static
../Core/Src/stm_rcc.c:622:6:reset_spi2	24	static
../Core/Src/stm_rcc.c:634:6:reset_window_watchdog	24	static
../Core/Src/stm_rcc.c:646:6:reset_timer14	24	static
../Core/Src/stm_rcc.c:658:6:reset_timer13	24	static
../Core/Src/stm_rcc.c:670:6:reset_timer12	24	static
../Core/Src/stm_rcc.c:682:6:reset_timer7	24	static
../Core/Src/stm_rcc.c:694:6:reset_timer6	24	static
../Core/Src/stm_rcc.c:706:6:reset_timer5	24	static
../Core/Src/stm_rcc.c:718:6:reset_timer4	24	static
../Core/Src/stm_rcc.c:730:6:reset_timer3	24	static
../Core/Src/stm_rcc.c:742:6:reset_timer2	24	static
../Core/Src/stm_rcc.c:754:6:reset_sai2	24	static
../Core/Src/stm_rcc.c:766:6:reset_sai1	24	static
../Core/Src/stm_rcc.c:778:6:reset_timer11	24	static
../Core/Src/stm_rcc.c:790:6:reset_timer10	24	static
../Core/Src/stm_rcc.c:802:6:reset_timer9	24	static
../Core/Src/stm_rcc.c:814:6:reset_sys_config	24	static
../Core/Src/stm_rcc.c:826:6:reset_spi4	24	static
../Core/Src/stm_rcc.c:838:6:reset_spi1	24	static
../Core/Src/stm_rcc.c:850:6:reset_sdio	24	static
../Core/Src/stm_rcc.c:862:6:reset_adc	24	static
../Core/Src/stm_rcc.c:874:6:reset_usart6	24	static
../Core/Src/stm_rcc.c:886:6:reset_usart1	24	static
../Core/Src/stm_rcc.c:898:6:reset_timer8	24	static
../Core/Src/stm_rcc.c:910:6:reset_timer1	24	static
../Core/Src/stm_rcc.c:923:6:enable_gpio_clock	16	static
../Core/Src/stm_rcc.c:928:6:disable_gpio_clock	16	static
../Core/Src/stm_rcc.c:933:6:check_gpio_clock	16	static
../Core/Src/stm_rcc.c:938:6:enable_peripheral_clock	24	static
../Core/Src/stm_rcc.c:968:6:disable_peripheral_clock	24	static
../Core/Src/stm_rcc.c:998:6:check_peripheral_clock	24	static
../Core/Src/stm_rcc.c:1028:6:enable_peripheral_low_power_clock	24	static
../Core/Src/stm_rcc.c:1058:6:disable_peripheral_low_power_clock	24	static
../Core/Src/stm_rcc.c:1088:6:check_peripheral_low_power_clock	24	static
../Core/Src/stm_rcc.c:1119:6:reset_backup_domain	24	static
../Core/Src/stm_rcc.c:1132:6:enable_rtc_clock	4	static
../Core/Src/stm_rcc.c:1138:6:disable_rtc_clock	4	static
../Core/Src/stm_rcc.c:1144:6:select_rtc_clock	16	static
../Core/Src/stm_rcc.c:1151:6:set_lse_mode	16	static
../Core/Src/stm_rcc.c:1162:6:set_lse_bypass	16	static
../Core/Src/stm_rcc.c:1173:6:lse_ready	4	static
../Core/Src/stm_rcc.c:1178:6:enable_lse	4	static
../Core/Src/stm_rcc.c:1184:6:disable_lse	4	static
../Core/Src/stm_rcc.c:1190:10:read_backup_domain	16	static
../Core/Src/stm_rcc.c:1196:6:check_clock_flag	16	static
../Core/Src/stm_rcc.c:1201:6:clear_clock_flags	16	static
../Core/Src/stm_rcc.c:1210:6:enable_low_speed_oscillator	4	static
../Core/Src/stm_rcc.c:1215:6:disable_low_speed_oscillator	4	static
../Core/Src/stm_rcc.c:1220:10:read_clock_control_and_status_register	16	static
../Core/Src/stm_rcc.c:1226:6:enable_spread_spectrum	8	static
../Core/Src/stm_rcc.c:1233:6:disable_spread_spectrum	8	static
../Core/Src/stm_rcc.c:1240:6:is_spread_spectrum_enabled	4	static
../Core/Src/stm_rcc.c:1245:6:update_step_increment	24	static
../Core/Src/stm_rcc.c:1254:6:update_modulation_period	16	static
../Core/Src/stm_rcc.c:1262:10:check_spread_spectrum_reg	16	static
../Core/Src/stm_rcc.c:1268:6:configure_12s_pll	24	static
../Core/Src/stm_rcc.c:1280:6:read_i2s_pll_configs	16	static
../Core/Src/stm_rcc.c:1290:6:configure_sai_pll	24	static
../Core/Src/stm_rcc.c:1302:6:read_sai_pll_configs	16	static
../Core/Src/stm_rcc.c:1311:6:update_i2s2_source	16	static
../Core/Src/stm_rcc.c:1320:6:update_i2s1_source	16	static
../Core/Src/stm_rcc.c:1329:6:update_timer_prescaler_selection	16	static
../Core/Src/stm_rcc.c:1335:6:update_sai2_source	16	static
../Core/Src/stm_rcc.c:1344:6:update_sai1_source	16	static
../Core/Src/stm_rcc.c:1353:6:update_sai_division_factor	16	static
../Core/Src/stm_rcc.c:1362:6:update_i2s_division_factor	16	static
../Core/Src/stm_rcc.c:1371:6:update_spdif_rx_clock_section	16	static
../Core/Src/stm_rcc.c:1377:6:update_sdio_selection	16	static
../Core/Src/stm_rcc.c:1383:6:update_clk_48mhz_selection	16	static
../Core/Src/stm_rcc.c:1389:6:update_cec_selection	16	static
../Core/Src/stm_rcc.c:1394:6:update_fmpi2c1_selection	16	static
../Core/Src/stm_rcc.c:1401:6:enable_rcc_clock	16	static
../Core/Src/stm_rcc.c:1406:6:disable_rcc_clock	16	static
../Core/Src/stm_rcc.c:1411:6:is_rcc_clock_enabled	16	static
